// Jest Snapshot v1, https://goo.gl/fbAQLP

exports[`ActivityStatus renders the component correctly 1`] = `
<div
  className="settings-panel flex-column mt-5 px-4 overflow-y-auto"
>
  <h3>
    Activity Status
  </h3>
</div>
`;
